{
  "swagger": "2.0",
  "info": {
    "title": "Test",
    "version": "1.0"
  },
  "paths": {
    "/endpoint": {
      "parameters": [
        {
          "in": "header",
          "type": "integer",
          "name": "gen-name-1"
        }
      ],
      "get": {
        "parameters": [
          {
            "in": "query",
            "type": "string",
            "name": "gen-name-2"
          }
        ],
        "responses": {}
      }
    }
  }
}
